MPLINK 4.48, Linker
Linker Map File - Created Fri Mar 13 17:22:18 2015

                                 Section Info
                  Section       Type    Address   Location Size(Bytes)
                ---------  ---------  ---------  ---------  ---------
               _entry_scn       code   0x000000    program   0x000006
           .romdata_app.o    romdata   0x000006    program   0x000002
              high_vector       code   0x000008    program   0x00000a
         .code_busy_eep.o       code   0x000012    program   0x000006
               low_vector       code   0x000018    program   0x000014
              D1KTCYXCODE       code   0x00002c    program   0x000020
           .code___init.o       code   0x00004c    program   0x000002
        .idata_read_B.o_i    romdata   0x00004e    program   0x000000
         .romdata_uread.o    romdata   0x00004e    program   0x000000
         .idata_uread.o_i    romdata   0x00004e    program   0x000000
         .idata_timer.o_i    romdata   0x00004e    program   0x000000
         .romdata_timer.o    romdata   0x00004e    program   0x000000
         .romdata_uopen.o    romdata   0x00004e    program   0x000000
         .idata_uopen.o_i    romdata   0x00004e    program   0x000000
        .romdata_t0open.o    romdata   0x00004e    program   0x000000
          .idata_uart.o_i    romdata   0x00004e    program   0x000000
          .romdata_uart.o    romdata   0x00004e    program   0x000000
        .idata_t0open.o_i    romdata   0x00004e    program   0x000000
      .romdata_fxd3232u.o    romdata   0x00004e    program   0x000000
      .romdata_fxd0808u.o    romdata   0x00004e    program   0x000000
         .romdata_board.o    romdata   0x00004e    program   0x000000
      .romdata_busy_eep.o    romdata   0x00004e    program   0x000000
          .romdata_main.o    romdata   0x00004e    program   0x000000
 .romdata_keypad_driver.o    romdata   0x00004e    program   0x000000
         .romdata_c018i.o    romdata   0x00004e    program   0x000000
        .romdata___init.o    romdata   0x00004e    program   0x000000
       .romdata_write_B.o    romdata   0x00004e    program   0x000000
       .idata_write_B.o_i    romdata   0x00004e    program   0x000000
       .romdata_t0write.o    romdata   0x00004e    program   0x000000
 .romdata_communication.o    romdata   0x00004e    program   0x000000
       .idata_t0write.o_i    romdata   0x00004e    program   0x000000
     .idata_heartBeat.o_i    romdata   0x00004e    program   0x000001
     .romdata_heartBeat.o    romdata   0x00004e    program   0x000000
         .romdata_udefs.o    romdata   0x00004e    program   0x000000
.idata_interruptvector.o_i    romdata   0x00004e    program   0x000000
.romdata_interruptvector.o    romdata   0x00004e    program   0x000000
         .idata_udefs.o_i    romdata   0x00004e    program   0x000000
        .romdata_read_B.o    romdata   0x00004e    program   0x000000
           .idata_lcd.o_i    romdata   0x00004e    program   0x000000
         .idata_c018i.o_i    romdata   0x00004f    program   0x000000
      .idata_busy_eep.o_i    romdata   0x00004f    program   0x000000
           .idata_app.o_i    romdata   0x00004f    program   0x000000
         .idata_board.o_i    romdata   0x00004f    program   0x000000
        .idata___init.o_i    romdata   0x00004f    program   0x000000
      .idata_fxd0808u.o_i    romdata   0x00004f    program   0x000000
      .idata_fxd3232u.o_i    romdata   0x00004f    program   0x000000
                   .cinit    romdata   0x000050    program   0x000092
            .code_udefs.o       code   0x000050    program   0x000000
            .code_c018i.o       code   0x000050    program   0x000000
  .code_interruptvector.o       code   0x000050    program   0x000000
              .code_app.o       code   0x0000e2    program   0x002e32
               .code_UI.o       code   0x002f14    program   0x000b66
    .code_communication.o       code   0x003a7a    program   0x000460
              .code_lcd.o       code   0x003eda    program   0x000454
             .code_uart.o       code   0x00432e    program   0x00034e
    .code_keypad_driver.o       code   0x00467c    program   0x000210
                      ISR       code   0x00488c    program   0x0000f2
                   STRING       code   0x00497e    program   0x0000d2
             .code_main.o       code   0x004a50    program   0x0000cc
            .code_timer.o       code   0x004b1c    program   0x0000a8
               _cinit_scn       code   0x004bc4    program   0x00009e
            .code_uopen.o       code   0x004c62    program   0x00008a
             .stringtable    romdata   0x004cec    program   0x00007e
          .code_write_B.o       code   0x004d6a    program   0x000066
            .romdata_UI.o    romdata   0x004dd0    program   0x000055
            .code_board.o       code   0x004e26    program   0x00004a
         .code_fxd3232u.o       code   0x004e70    program   0x000048
           .code_read_B.o       code   0x004eb8    program   0x000044
            .code_uread.o       code   0x004efc    program   0x00003e
                     PROG       code   0x004f3a    program   0x00003c
          .code_t0write.o       code   0x004f76    program   0x000038
           .code_t0open.o       code   0x004fae    program   0x000038
                    .code       code   0x004fe6    program   0x000020
             _startup_scn       code   0x005006    program   0x00001c
         .code_fxd0808u.o       code   0x005022    program   0x00001c
        .code_heartBeat.o       code   0x00503e    program   0x00001a
           .romdata_lcd.o    romdata   0x005058    program   0x000011
               uartdata_i    romdata   0x005069    program   0x000042
                UI_DATA_i    romdata   0x0050ab    program   0x00008a
             TIMER_DATA_i    romdata   0x005135    program   0x00001e
               LOG_DATA_i    romdata   0x005153    program   0x0000d7
               LCD_DATA_i    romdata   0x00522a    program   0x000022
               COM_DATA_i    romdata   0x00524c    program   0x000050
               APP_DATA_i    romdata   0x00529c    program   0x000065
          .idata_main.o_i    romdata   0x005301    program   0x000009
 .idata_keypad_driver.o_i    romdata   0x00530a    program   0x000003
 .idata_communication.o_i    romdata   0x00530d    program   0x000002
            .idata_UI.o_i    romdata   0x00530f    program   0x000018
    .config_300001_main.o    romdata   0x300001    program   0x000001
    .config_300002_main.o    romdata   0x300002    program   0x000001
    .config_300003_main.o    romdata   0x300003    program   0x000001
    .config_300005_main.o    romdata   0x300005    program   0x000001
    .config_300006_main.o    romdata   0x300006    program   0x000001
    .config_300008_main.o    romdata   0x300008    program   0x000001
    .config_300009_main.o    romdata   0x300009    program   0x000001
    .config_30000a_main.o    romdata   0x30000a    program   0x000001
    .config_30000b_main.o    romdata   0x30000b    program   0x000001
    .config_30000c_main.o    romdata   0x30000c    program   0x000001
    .config_30000d_main.o    romdata   0x30000d    program   0x000001
                MATH_DATA      udata   0x000000       data   0x000014
                 .tmpdata      udata   0x000014       data   0x000004
                DELAYDAT1      udata   0x000018       data   0x000001
                   .stack      udata   0x000080       data   0x000080
                  UI_DATA      idata   0x000100       data   0x00008a
               TIMER_DATA      idata   0x00018a       data   0x00001e
                 uartdata      idata   0x0001a8       data   0x000042
   .udata_keypad_driver.o      udata   0x0001ea       data   0x000012
   .idata_keypad_driver.o      idata   0x0001fc       data   0x000003
           .udata_udefs.o      udata   0x0001ff       data   0x000001
                 COM_DATA      idata   0x000200       data   0x000050
                 LCD_DATA      idata   0x000250       data   0x000022
              .idata_UI.o      idata   0x000272       data   0x000018
           .udata_c018i.o      udata   0x00028a       data   0x00000a
            .idata_main.o      idata   0x000294       data   0x000009
   .idata_communication.o      idata   0x00029d       data   0x000002
           .udata_board.o      udata   0x00029f       data   0x000001
       .idata_heartBeat.o      idata   0x0002a0       data   0x000001
        .idata_fxd0808u.o      idata   0x0002a1       data   0x000000
        .udata_fxd3232u.o      udata   0x0002a1       data   0x000000
        .idata_fxd3232u.o      idata   0x0002a1       data   0x000000
          .udata_t0open.o      udata   0x0002a1       data   0x000000
          .idata_t0open.o      idata   0x0002a1       data   0x000000
           .udata_uopen.o      udata   0x0002a1       data   0x000000
           .idata_uopen.o      idata   0x0002a1       data   0x000000
           .udata_uread.o      udata   0x0002a1       data   0x000000
           .idata_uread.o      idata   0x0002a1       data   0x000000
          .udata_read_B.o      udata   0x0002a1       data   0x000000
          .idata_read_B.o      idata   0x0002a1       data   0x000000
             .idata_app.o      idata   0x0002a1       data   0x000000
           .idata_udefs.o      idata   0x0002a1       data   0x000000
         .udata_t0write.o      udata   0x0002a1       data   0x000000
         .idata_t0write.o      idata   0x0002a1       data   0x000000
         .udata_write_B.o      udata   0x0002a1       data   0x000000
         .idata_write_B.o      idata   0x0002a1       data   0x000000
          .udata___init.o      udata   0x0002a1       data   0x000000
          .idata___init.o      idata   0x0002a1       data   0x000000
             .udata_app.o      udata   0x0002a1       data   0x000000
 .idata_interruptvector.o      idata   0x0002a1       data   0x000000
             .udata_lcd.o      udata   0x0002a1       data   0x000000
             .idata_lcd.o      idata   0x0002a1       data   0x000000
 .udata_interruptvector.o      udata   0x0002a1       data   0x000000
           .udata_timer.o      udata   0x0002a1       data   0x000000
           .idata_timer.o      idata   0x0002a1       data   0x000000
            .udata_uart.o      udata   0x0002a1       data   0x000000
            .idata_uart.o      idata   0x0002a1       data   0x000000
       .udata_heartBeat.o      udata   0x0002a1       data   0x000000
              .udata_UI.o      udata   0x0002a1       data   0x000000
   .udata_communication.o      udata   0x0002a1       data   0x000000
           .idata_board.o      idata   0x0002a1       data   0x000000
            .udata_main.o      udata   0x0002a1       data   0x000000
        .udata_busy_eep.o      udata   0x0002a1       data   0x000000
        .idata_busy_eep.o      idata   0x0002a1       data   0x000000
           .idata_c018i.o      idata   0x0002a1       data   0x000000
        .udata_fxd0808u.o      udata   0x0002a1       data   0x000000
                 APP_DATA      idata   0x000300       data   0x000065
                 LOG_DATA      idata   0x000365       data   0x0000d7
            SFR_UNBANKED0      udata   0x000f80       data   0x000080



                              Program Memory Usage 
                               Start         End      
                           ---------   ---------      
                            0x000000    0x00004e      
                            0x000050    0x004e24      
                            0x004e26    0x005326      
                            0x300001    0x300003      
                            0x300005    0x300006      
                            0x300008    0x30000d      
            21296 out of 33048 program addresses used, program memory utilization is 64%



                              Symbols - Sorted by Name
                     Name    Address   Location    Storage File                     
                ---------  ---------  ---------  --------- ---------                
    APP_acknowledgeIssues   0x00279e    program     extern C:\Users\Roshan\Desktop\chennai Andon V3\source\app.c
        APP_checkPassword   0x002c06    program     extern C:\Users\Roshan\Desktop\chennai Andon V3\source\app.c
          APP_clearIssues   0x002c42    program     extern C:\Users\Roshan\Desktop\chennai Andon V3\source\app.c
          APP_comCallBack   0x002dec    program     extern C:\Users\Roshan\Desktop\chennai Andon V3\source\app.c
 APP_getAcknowledgedIssue   0x00129c    program     extern C:\Users\Roshan\Desktop\chennai Andon V3\source\app.c
         APP_getOpenIssue   0x000740    program     extern C:\Users\Roshan\Desktop\chennai Andon V3\source\app.c
                 APP_init   0x0000e2    program     extern C:\Users\Roshan\Desktop\chennai Andon V3\source\app.c
                APP_login   0x00043a    program     extern C:\Users\Roshan\Desktop\chennai Andon V3\source\app.c
               APP_logout   0x0004c8    program     extern C:\Users\Roshan\Desktop\chennai Andon V3\source\app.c
          APP_raiseIssues   0x002114    program     extern C:\Users\Roshan\Desktop\chennai Andon V3\source\app.c
        APP_resolveIssues   0x001df8    program     extern C:\Users\Roshan\Desktop\chennai Andon V3\source\app.c
                 APP_task   0x000560    program     extern C:\Users\Roshan\Desktop\chennai Andon V3\source\app.c
      APP_updateIssueInfo   0x002770    program     extern C:\Users\Roshan\Desktop\chennai Andon V3\source\app.c
                 BRD_init   0x004e26    program     extern C:\Users\Roshan\Desktop\chennai Andon V3\source\board.c
                 Busy_eep   0x000012    program     extern E:\c18v3.46\pic18-lt\cxx-framework\src\pmc_common\EEP\busy_eep.c
                 COM_init   0x003a7a    program     extern C:\Users\Roshan\Desktop\chennai Andon V3\source\communication.c
                COM_reset   0x003aee    program     extern C:\Users\Roshan\Desktop\chennai Andon V3\source\communication.c
              COM_restart   0x003ab0    program     extern C:\Users\Roshan\Desktop\chennai Andon V3\source\communication.c
                 COM_task   0x003b14    program     extern C:\Users\Roshan\Desktop\chennai Andon V3\source\communication.c
               COM_txData   0x003d98    program     extern C:\Users\Roshan\Desktop\chennai Andon V3\source\communication.c
                COM_txStr   0x003e2c    program     extern C:\Users\Roshan\Desktop\chennai Andon V3\source\communication.c
       ClearKeytpadBuffer   0x004798    program     extern C:\Users\Roshan\Desktop\chennai Andon V3\source\keypad_driver.c
                    D1K_1   0x000038    program     static E:\c18v3.46\pic18-lt\cxx-framework\src\traditional\delays\d1ktcyx.asm
                     D1Kx   0x000036    program     static E:\c18v3.46\pic18-lt\cxx-framework\src\traditional\delays\d1ktcyx.asm
              Delay1KTCYx   0x00002c    program     extern E:\c18v3.46\pic18-lt\cxx-framework\src\traditional\delays\d1ktcyx.asm
         EnableInterrupts   0x000022    program     extern C:\Users\Roshan\Desktop\chennai Andon V3\source\interruptvector.c
                 FXD0808U   0x005022    program     extern E:\c18v3.46\pic18-lt\cxx-framework\src\traditional\math\fxd0808u.c
                 FXD3232U   0x004e70    program     extern E:\c18v3.46\pic18-lt\cxx-framework\src\traditional\math\fxd3232u.c
                 FXM1616U   0x004f3a    program     extern E:\c18v3.46\pic18-lt\cxx-framework\src\traditional\math\fxm1616u.asm
               GetAppTime   0x004b64    program     extern C:\Users\Roshan\Desktop\chennai Andon V3\source\timer.c
  GetDataFromKeypadBuffer   0x00470a    program     extern C:\Users\Roshan\Desktop\chennai Andon V3\source\keypad_driver.c
                  HB_init   0x00503e    program     extern C:\Users\Roshan\Desktop\chennai Andon V3\source\heartBeat.c
                  HB_task   0x005044    program     extern C:\Users\Roshan\Desktop\chennai Andon V3\source\heartBeat.c
                  InitLcd   0x004036    program     extern C:\Users\Roshan\Desktop\chennai Andon V3\source\lcd.c
         InitializeKeypad   0x00467c    program     extern C:\Users\Roshan\Desktop\chennai Andon V3\source\keypad_driver.c
                LCD_clear   0x0041ba    program     extern C:\Users\Roshan\Desktop\chennai Andon V3\source\lcd.c
                 LCD_init   0x00425a    program     extern C:\Users\Roshan\Desktop\chennai Andon V3\source\lcd.c
              LCD_putChar   0x0041c8    program     extern C:\Users\Roshan\Desktop\chennai Andon V3\source\lcd.c
         LCD_setBackSpace   0x0041a4    program     extern C:\Users\Roshan\Desktop\chennai Andon V3\source\lcd.c
         LCD_writeCommand   0x003f9a    program     extern C:\Users\Roshan\Desktop\chennai Andon V3\source\lcd.c
            LCD_writeData   0x003fe8    program     extern C:\Users\Roshan\Desktop\chennai Andon V3\source\lcd.c
             LoginPressed   0x004788    program     extern C:\Users\Roshan\Desktop\chennai Andon V3\source\keypad_driver.c
               OpenTimer0   0x004fae    program     extern E:\c18v3.46\pic18-lt\cxx-framework\src\pmc_common\Timers\t0open.c
                OpenUSART   0x004c62    program     extern E:\c18v3.46\pic18-lt\cxx-framework\src\pmc_common\USART\uopen.c
                ReadUSART   0x004efc    program     extern E:\c18v3.46\pic18-lt\cxx-framework\src\pmc_common\USART\uread.c
               Read_b_eep   0x004eb8    program     extern E:\c18v3.46\pic18-lt\cxx-framework\src\pmc_common\EEP\read_B.c
             ResetAppTime   0x004bb4    program     extern C:\Users\Roshan\Desktop\chennai Andon V3\source\timer.c
               TIMER0_ISR   0x00488c    program     extern C:\Users\Roshan\Desktop\chennai Andon V3\source\timer.c
              TIMER0_init   0x004b1c    program     extern C:\Users\Roshan\Desktop\chennai Andon V3\source\timer.c
             UART_hasData   0x0045f2    program     extern C:\Users\Roshan\Desktop\chennai Andon V3\source\uart.c
                UART_init   0x004470    program     extern C:\Users\Roshan\Desktop\chennai Andon V3\source\uart.c
                UART_read   0x00462c    program     extern C:\Users\Roshan\Desktop\chennai Andon V3\source\uart.c
            UART_transmit   0x004570    program     extern C:\Users\Roshan\Desktop\chennai Andon V3\source\uart.c
               UART_write   0x004538    program     extern C:\Users\Roshan\Desktop\chennai Andon V3\source\uart.c
                  UI_init   0x002f14    program     extern C:\Users\Roshan\Desktop\chennai Andon V3\source\UI.c
              UI_setState   0x003776    program     extern C:\Users\Roshan\Desktop\chennai Andon V3\source\UI.c
                  UI_task   0x002f34    program     extern C:\Users\Roshan\Desktop\chennai Andon V3\source\UI.c
       UartReceiveHandler   0x00432e    program     extern C:\Users\Roshan\Desktop\chennai Andon V3\source\uart.c
      UartTransmitHandler   0x0043f8    program     extern C:\Users\Roshan\Desktop\chennai Andon V3\source\uart.c
         UpdateKeypadTask   0x004684    program     extern C:\Users\Roshan\Desktop\chennai Andon V3\source\keypad_driver.c
        ViewIssuesPressed   0x004790    program     extern C:\Users\Roshan\Desktop\chennai Andon V3\source\keypad_driver.c
              WriteTimer0   0x004f76    program     extern E:\c18v3.46\pic18-lt\cxx-framework\src\pmc_common\Timers\t0write.c
              Write_b_eep   0x004d6a    program     extern E:\c18v3.46\pic18-lt\cxx-framework\src\pmc_common\EEP\write_B.c
              _2jContinue   0x00499e    program     static E:\c18v3.46\pic18-lt\cxx-framework\src\traditional\stdclib\memset.asm
                   _3jEnd   0x0049a8    program     static E:\c18v3.46\pic18-lt\cxx-framework\src\traditional\stdclib\memset.asm
        _D1KTCYXCODE_0010   0x00003c    program     static E:\c18v3.46\pic18-lt\cxx-framework\src\traditional\delays\d1ktcyx.asm
        _D1KTCYXCODE_0016   0x000042    program     static E:\c18v3.46\pic18-lt\cxx-framework\src\traditional\delays\d1ktcyx.asm
       ___case_1_lbl00073   0x001e3e    program     static                          
       ___case_1_lbl00128   0x002440    program     static                          
       ___case_3_lbl00079   0x001f58    program     static                          
       ___case_3_lbl00142   0x00254e    program     static                          
      ___default_lbl00090   0x0020ce    program     static                          
      ___default_lbl00143   0x0026b4    program     static                          
         ___else_lbl00011   0x0002b6    program     static                          
         ___else_lbl00013   0x0002a2    program     static                          
         ___else_lbl00084   0x002076    program     static                          
         ___else_lbl00086   0x0020b2    program     static                          
         ___else_lbl00088   0x002094    program     static                          
         ___else_lbl00107   0x002314    program     static                          
         ___else_lbl00135   0x00265e    program     static                          
         ___else_lbl00137   0x002696    program     static                          
         ___else_lbl00139   0x00267a    program     static                          
         ___else_lbl00191   0x002dc6    program     static                          
          ___for_lbl00001   0x000284    program     static                          
          ___for_lbl00002   0x00028e    program     static                          
          ___for_lbl00003   0x0001da    program     static                          
          ___for_lbl00004   0x0001e0    program     static                          
          ___for_lbl00005   0x000166    program     static                          
          ___for_lbl00009   0x00011e    program     static                          
          ___for_lbl00032   0x000714    program     static                          
          ___for_lbl00033   0x000718    program     static                          
          ___for_lbl00035   0x0005c8    program     static                          
          ___for_lbl00035   0x003df8    program     static                          
          ___for_lbl00036   0x003dfe    program     static                          
          ___for_lbl00037   0x003dce    program     static                          
          ___for_lbl00074   0x001f2e    program     static                          
          ___for_lbl00075   0x001f34    program     static                          
          ___for_lbl00076   0x001eda    program     static                          
          ___for_lbl00080   0x002048    program     static                          
          ___for_lbl00081   0x00204e    program     static                          
          ___for_lbl00082   0x001ff4    program     static                          
          ___for_lbl00091   0x0020fc    program     static                          
          ___for_lbl00092   0x002100    program     static                          
          ___for_lbl00094   0x0020d2    program     static                          
          ___for_lbl00096   0x002192    program     static                          
          ___for_lbl00097   0x002196    program     static                          
          ___for_lbl00100   0x002122    program     static                          
          ___for_lbl00101   0x002340    program     static                          
          ___for_lbl00102   0x002344    program     static                          
          ___for_lbl00103   0x0022ec    program     static                          
          ___for_lbl00104   0x0022f2    program     static                          
          ___for_lbl00105   0x00229a    program     static                          
          ___for_lbl00109   0x002198    program     static                          
          ___for_lbl00113   0x00242c    program     static                          
          ___for_lbl00114   0x002430    program     static                          
          ___for_lbl00118   0x0023a4    program     static                          
          ___for_lbl00120   0x002548    program     static                          
          ___for_lbl00121   0x00254c    program     static                          
          ___for_lbl00122   0x002522    program     static                          
          ___for_lbl00123   0x002528    program     static                          
          ___for_lbl00124   0x0024ce    program     static                          
          ___for_lbl00127   0x002442    program     static                          
          ___for_lbl00129   0x0026ae    program     static                          
          ___for_lbl00130   0x0026b2    program     static                          
          ___for_lbl00131   0x002632    program     static                          
          ___for_lbl00132   0x002638    program     static                          
          ___for_lbl00133   0x0025de    program     static                          
          ___for_lbl00141   0x002550    program     static                          
          ___for_lbl00151   0x00284a    program     static                          
          ___for_lbl00152   0x00284e    program     static                          
          ___for_lbl00154   0x0027ca    program     static                          
          ___for_lbl00170   0x002b46    program     static                          
          ___for_lbl00171   0x002b4a    program     static                          
          ___for_lbl00174   0x002a8e    program     static                          
          ___for_lbl00184   0x002d66    program     static                          
          ___for_lbl00185   0x002d70    program     static                          
          ___for_lbl00186   0x002c7e    program     static                          
          ___for_lbl00187   0x002da0    program     static                          
          ___for_lbl00188   0x002daa    program     static                          
          ___for_lbl00189   0x002d74    program     static                          
           ___if_lbl00001   0x000010    program     static                          
           ___if_lbl00003   0x003f4a    program     static                          
           ___if_lbl00003   0x000020    program     static                          
           ___if_lbl00003   0x004aac    program     static                          
           ___if_lbl00004   0x004ac2    program     static                          
           ___if_lbl00005   0x004ad8    program     static                          
           ___if_lbl00006   0x000214    program     static                          
           ___if_lbl00006   0x004aee    program     static                          
           ___if_lbl00007   0x00024a    program     static                          
           ___if_lbl00007   0x004b04    program     static                          
           ___if_lbl00008   0x000284    program     static                          
           ___if_lbl00010   0x0002c0    program     static                          
           ___if_lbl00012   0x0002c0    program     static                          
           ___if_lbl00014   0x0002d0    program     static                          
           ___if_lbl00034   0x000714    program     static                          
           ___if_lbl00036   0x00072c    program     static                          
           ___if_lbl00037   0x00072c    program     static                          
           ___if_lbl00038   0x00072c    program     static                          
           ___if_lbl00077   0x001f54    program     static                          
           ___if_lbl00078   0x001f56    program     static                          
           ___if_lbl00083   0x002092    program     static                          
           ___if_lbl00085   0x0020ca    program     static                          
           ___if_lbl00087   0x0020ca    program     static                          
           ___if_lbl00089   0x0020cc    program     static                          
           ___if_lbl00093   0x0020fc    program     static                          
           ___if_lbl00098   0x002192    program     static                          
           ___if_lbl00099   0x002192    program     static                          
           ___if_lbl00106   0x00232c    program     static                          
           ___if_lbl00108   0x002340    program     static                          
           ___if_lbl00110   0x002350    program     static                          
           ___if_lbl00112   0x0023a2    program     static                          
           ___if_lbl00115   0x00242c    program     static                          
           ___if_lbl00116   0x00242c    program     static                          
           ___if_lbl00117   0x00242c    program     static                          
           ___if_lbl00125   0x002546    program     static                          
           ___if_lbl00126   0x002548    program     static                          
           ___if_lbl00134   0x002678    program     static                          
           ___if_lbl00136   0x0026ac    program     static                          
           ___if_lbl00138   0x0026ac    program     static                          
           ___if_lbl00140   0x0026ae    program     static                          
           ___if_lbl00153   0x00284a    program     static                          
           ___if_lbl00172   0x002b46    program     static                          
           ___if_lbl00173   0x002b46    program     static                          
           ___if_lbl00190   0x002dd8    program     static                          
       ___return_lbl00000   0x000004    program     static                          
       ___return_lbl00000   0x004b08    program     static                          
       ___return_lbl00000   0x000010    program     static                          
       ___return_lbl00000   0x004ef0    program     static                          
       ___return_lbl00000   0x003f52    program     static                          
       ___return_lbl00000   0x00035c    program     static                          
       ___return_lbl00000   0x004eb6    program     static                          
       ___return_lbl00000   0x00503c    program     static                          
       ___return_lbl00001   0x005020    program     static                          
       ___return_lbl00002   0x004c60    program     static                          
       ___return_lbl00002   0x000020    program     static                          
       ___return_lbl00004   0x003f92    program     static                          
       ___return_lbl00005   0x003fe0    program     static                          
       ___return_lbl00006   0x00402e    program     static                          
       ___return_lbl00031   0x00072c    program     static                          
       ___return_lbl00034   0x003e18    program     static                          
       ___return_lbl00071   0x002100    program     static                          
       ___return_lbl00095   0x002350    program     static                          
       ___return_lbl00111   0x0026b6    program     static                          
       ___return_lbl00150   0x002850    program     static                          
       ___return_lbl00169   0x002b50    program     static                          
       ___return_lbl00183   0x002dd8    program     static                          
   ___switchexit_lbl00072   0x0020d0    program     static                          
   ___switchexit_lbl00119   0x0026b6    program     static                          
        ___while_lbl00001   0x004a96    program     static                          
        ___while_lbl00001   0x003efe    program     static                          
        ___while_lbl00002   0x003f4c    program     static                          
        ___while_lbl00002   0x004b08    program     static                          
               __config_0   0x300001    program     static C:\Users\Roshan\Desktop\chennai Andon V3\source\main.c
               __config_1   0x300002    program     static C:\Users\Roshan\Desktop\chennai Andon V3\source\main.c
              __config_10   0x30000d    program     static C:\Users\Roshan\Desktop\chennai Andon V3\source\main.c
               __config_2   0x300003    program     static C:\Users\Roshan\Desktop\chennai Andon V3\source\main.c
               __config_3   0x300005    program     static C:\Users\Roshan\Desktop\chennai Andon V3\source\main.c
               __config_4   0x300006    program     static C:\Users\Roshan\Desktop\chennai Andon V3\source\main.c
               __config_5   0x300008    program     static C:\Users\Roshan\Desktop\chennai Andon V3\source\main.c
               __config_6   0x300009    program     static C:\Users\Roshan\Desktop\chennai Andon V3\source\main.c
               __config_7   0x30000a    program     static C:\Users\Roshan\Desktop\chennai Andon V3\source\main.c
               __config_8   0x30000b    program     static C:\Users\Roshan\Desktop\chennai Andon V3\source\main.c
               __config_9   0x30000c    program     static C:\Users\Roshan\Desktop\chennai Andon V3\source\main.c
                   __init   0x00004c    program     extern E:\c18v3.46\pic18-lt\cxx-framework\src\traditional\stdclib\__init.c
               __string_0   0x004d61    program     static C:\Users\Roshan\Desktop\chennai Andon V3\source\UI.c
               __string_1   0x004d5a    program     static C:\Users\Roshan\Desktop\chennai Andon V3\source\UI.c
              __string_10   0x004cf9    program     static C:\Users\Roshan\Desktop\chennai Andon V3\source\UI.c
              __string_11   0x004cec    program     static C:\Users\Roshan\Desktop\chennai Andon V3\source\UI.c
               __string_2   0x004d53    program     static C:\Users\Roshan\Desktop\chennai Andon V3\source\UI.c
               __string_3   0x004d49    program     static C:\Users\Roshan\Desktop\chennai Andon V3\source\UI.c
               __string_4   0x004d41    program     static C:\Users\Roshan\Desktop\chennai Andon V3\source\UI.c
               __string_5   0x004d39    program     static C:\Users\Roshan\Desktop\chennai Andon V3\source\UI.c
               __string_6   0x004d2e    program     static C:\Users\Roshan\Desktop\chennai Andon V3\source\UI.c
               __string_7   0x004d1c    program     static C:\Users\Roshan\Desktop\chennai Andon V3\source\UI.c
               __string_8   0x004d13    program     static C:\Users\Roshan\Desktop\chennai Andon V3\source\UI.c
               __string_9   0x004d09    program     static C:\Users\Roshan\Desktop\chennai Andon V3\source\UI.c
               __tmplbl_0   0x0005b2    program     static                          
              __tmplbl_11   0x001de4    program     static                          
               __tmplbl_5   0x001288    program     static                          
            __zero_memory   0x004fe6    program     extern E:\c18v3.46\pic18-lt\cxx-framework\src\traditional\proc\p18f4520.asm
                _do_cinit   0x004bc4    program     extern E:\c18v3.46\pic18-lt\cxx-framework\src\traditional\startup\c018i.c
                   _entry   0x000000    program     extern E:\c18v3.46\pic18-lt\cxx-framework\src\traditional\startup\c018i.c
                   _false   0x004eb2    program     static                          
                 _startup   0x005006    program     extern E:\c18v3.46\pic18-lt\cxx-framework\src\traditional\startup\c018i.c
         acknowledgeIssue   0x002b68    program     extern C:\Users\Roshan\Desktop\chennai Andon V3\source\app.c
                  busyLcd   0x003eda    program     static C:\Users\Roshan\Desktop\chennai Andon V3\source\lcd.c
                 checksum   0x003e76    program     extern C:\Users\Roshan\Desktop\chennai Andon V3\source\communication.c
              clearScreen   0x005058    program     static C:\Users\Roshan\Desktop\chennai Andon V3\source\lcd.c
            clearUIBuffer   0x0038c2    program     extern C:\Users\Roshan\Desktop\chennai Andon V3\source\UI.c
             clearUIInput   0x0038e8    program     extern C:\Users\Roshan\Desktop\chennai Andon V3\source\UI.c
                compare_l   0x004ffc    program     static E:\c18v3.46\pic18-lt\cxx-framework\src\traditional\proc\p18f4520.asm
                copy_loop   0x004c36    program     static                          
            copy_one_byte   0x004c3c    program     static                          
               dataPortIn   0x00430e    program     extern C:\Users\Roshan\Desktop\chennai Andon V3\source\lcd.c
              dataPortOut   0x00431e    program     extern C:\Users\Roshan\Desktop\chennai Andon V3\source\lcd.c
                     done   0x004c60    program     static                          
             done_copying   0x004c4a    program     static                          
                  endloop   0x005038    program     static                          
                  getData   0x003864    program     extern C:\Users\Roshan\Desktop\chennai Andon V3\source\UI.c
               getStation   0x0037d0    program     extern C:\Users\Roshan\Desktop\chennai Andon V3\source\UI.c
             getStatusLog   0x0026ca    program     extern C:\Users\Roshan\Desktop\chennai Andon V3\source\app.c
           high_interrupt   0x000008    program     extern C:\Users\Roshan\Desktop\chennai Andon V3\source\interruptvector.c
            issueResolved   0x00293a    program     extern C:\Users\Roshan\Desktop\chennai Andon V3\source\app.c
                     jEnd   0x0049dc    program     static E:\c18v3.46\pic18-lt\cxx-framework\src\traditional\stdclib\strcmp.asm
                     jEnd   0x0049b0    program     static E:\c18v3.46\pic18-lt\cxx-framework\src\traditional\stdclib\memset.asm
                     jEnd   0x004a4e    program     static E:\c18v3.46\pic18-lt\cxx-framework\src\traditional\stdclib\strlen.asm
                    jLoop   0x004992    program     static E:\c18v3.46\pic18-lt\cxx-framework\src\traditional\stdclib\memset.asm
                    jLoop   0x004a1a    program     static E:\c18v3.46\pic18-lt\cxx-framework\src\traditional\stdclib\strcpy.asm
                    jLoop   0x004a44    program     static E:\c18v3.46\pic18-lt\cxx-framework\src\traditional\stdclib\strlen.asm
                    jLoop   0x0049d2    program     static E:\c18v3.46\pic18-lt\cxx-framework\src\traditional\stdclib\strcmp.asm
                   keyMap   0x004dd0    program     extern C:\Users\Roshan\Desktop\chennai Andon V3\source\UI.c
                    login   0x000370    program     extern C:\Users\Roshan\Desktop\chennai Andon V3\source\app.c
                     loop   0x005016    program     static                          
                     loop   0x004e7e    program     static                          
                     loop   0x00502a    program     static                          
                   loop_h   0x004ff4    program     static E:\c18v3.46\pic18-lt\cxx-framework\src\traditional\proc\p18f4520.asm
                   loop_l   0x004ffe    program     static E:\c18v3.46\pic18-lt\cxx-framework\src\traditional\proc\p18f4520.asm
            low_interrupt   0x000018    program     extern C:\Users\Roshan\Desktop\chennai Andon V3\source\interruptvector.c
                     main   0x004a50    program     extern C:\Users\Roshan\Desktop\chennai Andon V3\source\main.c
                   mapKey   0x003500    program     extern C:\Users\Roshan\Desktop\chennai Andon V3\source\UI.c
                   memset   0x00497e    program     extern E:\c18v3.46\pic18-lt\cxx-framework\src\traditional\stdclib\memset.asm
              parsePacket   0x003d00    program     extern C:\Users\Roshan\Desktop\chennai Andon V3\source\communication.c
                 putUImsg   0x0039f2    program     extern C:\Users\Roshan\Desktop\chennai Andon V3\source\UI.c
    rawWriteCommand8ToLcd   0x003f6a    program     static C:\Users\Roshan\Desktop\chennai Andon V3\source\lcd.c
             resolveIssue   0x002364    program     extern C:\Users\Roshan\Desktop\chennai Andon V3\source\app.c
               scanKeypad   0x0047a0    program     static C:\Users\Roshan\Desktop\chennai Andon V3\source\keypad_driver.c
                 setUImsg   0x003966    program     extern C:\Users\Roshan\Desktop\chennai Andon V3\source\UI.c
                showUImsg   0x00390a    program     extern C:\Users\Roshan\Desktop\chennai Andon V3\source\UI.c
                   strcmp   0x0049b2    program     extern E:\c18v3.46\pic18-lt\cxx-framework\src\traditional\stdclib\strcmp.asm
                   strcpy   0x0049f2    program     extern E:\c18v3.46\pic18-lt\cxx-framework\src\traditional\stdclib\strcpy.asm
                   strlen   0x004a34    program     extern E:\c18v3.46\pic18-lt\cxx-framework\src\traditional\stdclib\strlen.asm
                     test   0x004bde    program     static                          
                  timeout   0x000006    program     static C:\Users\Roshan\Desktop\chennai Andon V3\source\app.c
         updateIndication   0x0028fa    program     static C:\Users\Roshan\Desktop\chennai Andon V3\source\app.c
                updateLog   0x00285a    program     static C:\Users\Roshan\Desktop\chennai Andon V3\source\app.c
          update_timeouts   0x002a7c    program     static C:\Users\Roshan\Desktop\chennai Andon V3\source\app.c
               writetoLCD   0x00426a    program     extern C:\Users\Roshan\Desktop\chennai Andon V3\source\lcd.c
               zero_block   0x004ff4    program     static E:\c18v3.46\pic18-lt\cxx-framework\src\traditional\proc\p18f4520.asm
                   ADCON0   0x000fc2       data     extern E:\c18v3.46\pic18-lt\cxx-framework\src\traditional\proc\p18f4520.asm
               ADCON0bits   0x000fc2       data     extern E:\c18v3.46\pic18-lt\cxx-framework\src\traditional\proc\p18f4520.asm
                   ADCON1   0x000fc1       data     extern E:\c18v3.46\pic18-lt\cxx-framework\src\traditional\proc\p18f4520.asm
               ADCON1bits   0x000fc1       data     extern E:\c18v3.46\pic18-lt\cxx-framework\src\traditional\proc\p18f4520.asm
                   ADCON2   0x000fc0       data     extern E:\c18v3.46\pic18-lt\cxx-framework\src\traditional\proc\p18f4520.asm
               ADCON2bits   0x000fc0       data     extern E:\c18v3.46\pic18-lt\cxx-framework\src\traditional\proc\p18f4520.asm
                    ADRES   0x000fc3       data     extern E:\c18v3.46\pic18-lt\cxx-framework\src\traditional\proc\p18f4520.asm
                   ADRESH   0x000fc4       data     extern E:\c18v3.46\pic18-lt\cxx-framework\src\traditional\proc\p18f4520.asm
                   ADRESL   0x000fc3       data     extern E:\c18v3.46\pic18-lt\cxx-framework\src\traditional\proc\p18f4520.asm
             AppTimestamp   0x0001a4       data     extern C:\Users\Roshan\Desktop\chennai Andon V3\source\timer.c
                  BAUDCON   0x000fb8       data     extern E:\c18v3.46\pic18-lt\cxx-framework\src\traditional\proc\p18f4520.asm
              BAUDCONbits   0x000fb8       data     extern E:\c18v3.46\pic18-lt\cxx-framework\src\traditional\proc\p18f4520.asm
                  BAUDCTL   0x000fb8       data     extern E:\c18v3.46\pic18-lt\cxx-framework\src\traditional\proc\p18f4520.asm
              BAUDCTLbits   0x000fb8       data     extern E:\c18v3.46\pic18-lt\cxx-framework\src\traditional\proc\p18f4520.asm
                      BSR   0x000fe0       data     extern E:\c18v3.46\pic18-lt\cxx-framework\src\traditional\proc\p18f4520.asm
                  CCP1CON   0x000fbd       data     extern E:\c18v3.46\pic18-lt\cxx-framework\src\traditional\proc\p18f4520.asm
              CCP1CONbits   0x000fbd       data     extern E:\c18v3.46\pic18-lt\cxx-framework\src\traditional\proc\p18f4520.asm
                  CCP2CON   0x000fba       data     extern E:\c18v3.46\pic18-lt\cxx-framework\src\traditional\proc\p18f4520.asm
              CCP2CONbits   0x000fba       data     extern E:\c18v3.46\pic18-lt\cxx-framework\src\traditional\proc\p18f4520.asm
                    CCPR1   0x000fbe       data     extern E:\c18v3.46\pic18-lt\cxx-framework\src\traditional\proc\p18f4520.asm
                   CCPR1H   0x000fbf       data     extern E:\c18v3.46\pic18-lt\cxx-framework\src\traditional\proc\p18f4520.asm
                   CCPR1L   0x000fbe       data     extern E:\c18v3.46\pic18-lt\cxx-framework\src\traditional\proc\p18f4520.asm
                    CCPR2   0x000fbb       data     extern E:\c18v3.46\pic18-lt\cxx-framework\src\traditional\proc\p18f4520.asm
                   CCPR2H   0x000fbc       data     extern E:\c18v3.46\pic18-lt\cxx-framework\src\traditional\proc\p18f4520.asm
                   CCPR2L   0x000fbb       data     extern E:\c18v3.46\pic18-lt\cxx-framework\src\traditional\proc\p18f4520.asm
                    CMCON   0x000fb4       data     extern E:\c18v3.46\pic18-lt\cxx-framework\src\traditional\proc\p18f4520.asm
                CMCONbits   0x000fb4       data     extern E:\c18v3.46\pic18-lt\cxx-framework\src\traditional\proc\p18f4520.asm
                   CVRCON   0x000fb5       data     extern E:\c18v3.46\pic18-lt\cxx-framework\src\traditional\proc\p18f4520.asm
               CVRCONbits   0x000fb5       data     extern E:\c18v3.46\pic18-lt\cxx-framework\src\traditional\proc\p18f4520.asm
                     DDRA   0x000f92       data     extern E:\c18v3.46\pic18-lt\cxx-framework\src\traditional\proc\p18f4520.asm
                 DDRAbits   0x000f92       data     extern E:\c18v3.46\pic18-lt\cxx-framework\src\traditional\proc\p18f4520.asm
                     DDRB   0x000f93       data     extern E:\c18v3.46\pic18-lt\cxx-framework\src\traditional\proc\p18f4520.asm
                 DDRBbits   0x000f93       data     extern E:\c18v3.46\pic18-lt\cxx-framework\src\traditional\proc\p18f4520.asm
                     DDRC   0x000f94       data     extern E:\c18v3.46\pic18-lt\cxx-framework\src\traditional\proc\p18f4520.asm
                 DDRCbits   0x000f94       data     extern E:\c18v3.46\pic18-lt\cxx-framework\src\traditional\proc\p18f4520.asm
                     DDRD   0x000f95       data     extern E:\c18v3.46\pic18-lt\cxx-framework\src\traditional\proc\p18f4520.asm
                 DDRDbits   0x000f95       data     extern E:\c18v3.46\pic18-lt\cxx-framework\src\traditional\proc\p18f4520.asm
                     DDRE   0x000f96       data     extern E:\c18v3.46\pic18-lt\cxx-framework\src\traditional\proc\p18f4520.asm
                 DDREbits   0x000f96       data     extern E:\c18v3.46\pic18-lt\cxx-framework\src\traditional\proc\p18f4520.asm
            DelayCounter1   0x000018       data     extern E:\c18v3.46\pic18-lt\cxx-framework\src\traditional\delays\delayd1.asm
                  ECCP1AS   0x000fb6       data     extern E:\c18v3.46\pic18-lt\cxx-framework\src\traditional\proc\p18f4520.asm
              ECCP1ASbits   0x000fb6       data     extern E:\c18v3.46\pic18-lt\cxx-framework\src\traditional\proc\p18f4520.asm
                 ECCP1DEL   0x000fb7       data     extern E:\c18v3.46\pic18-lt\cxx-framework\src\traditional\proc\p18f4520.asm
             ECCP1DELbits   0x000fb7       data     extern E:\c18v3.46\pic18-lt\cxx-framework\src\traditional\proc\p18f4520.asm
                   ECCPAS   0x000fb6       data     extern E:\c18v3.46\pic18-lt\cxx-framework\src\traditional\proc\p18f4520.asm
               ECCPASbits   0x000fb6       data     extern E:\c18v3.46\pic18-lt\cxx-framework\src\traditional\proc\p18f4520.asm
                    EEADR   0x000fa9       data     extern E:\c18v3.46\pic18-lt\cxx-framework\src\traditional\proc\p18f4520.asm
                   EECON1   0x000fa6       data     extern E:\c18v3.46\pic18-lt\cxx-framework\src\traditional\proc\p18f4520.asm
               EECON1bits   0x000fa6       data     extern E:\c18v3.46\pic18-lt\cxx-framework\src\traditional\proc\p18f4520.asm
                   EECON2   0x000fa7       data     extern E:\c18v3.46\pic18-lt\cxx-framework\src\traditional\proc\p18f4520.asm
                   EEDATA   0x000fa8       data     extern E:\c18v3.46\pic18-lt\cxx-framework\src\traditional\proc\p18f4520.asm
                     FSR0   0x000fe9       data     extern E:\c18v3.46\pic18-lt\cxx-framework\src\traditional\proc\p18f4520.asm
                    FSR0H   0x000fea       data     extern E:\c18v3.46\pic18-lt\cxx-framework\src\traditional\proc\p18f4520.asm
                    FSR0L   0x000fe9       data     extern E:\c18v3.46\pic18-lt\cxx-framework\src\traditional\proc\p18f4520.asm
                     FSR1   0x000fe1       data     extern E:\c18v3.46\pic18-lt\cxx-framework\src\traditional\proc\p18f4520.asm
                    FSR1H   0x000fe2       data     extern E:\c18v3.46\pic18-lt\cxx-framework\src\traditional\proc\p18f4520.asm
                    FSR1L   0x000fe1       data     extern E:\c18v3.46\pic18-lt\cxx-framework\src\traditional\proc\p18f4520.asm
                     FSR2   0x000fd9       data     extern E:\c18v3.46\pic18-lt\cxx-framework\src\traditional\proc\p18f4520.asm
                    FSR2H   0x000fda       data     extern E:\c18v3.46\pic18-lt\cxx-framework\src\traditional\proc\p18f4520.asm
                    FSR2L   0x000fd9       data     extern E:\c18v3.46\pic18-lt\cxx-framework\src\traditional\proc\p18f4520.asm
                  HLVDCON   0x000fd2       data     extern E:\c18v3.46\pic18-lt\cxx-framework\src\traditional\proc\p18f4520.asm
              HLVDCONbits   0x000fd2       data     extern E:\c18v3.46\pic18-lt\cxx-framework\src\traditional\proc\p18f4520.asm
                    INDF0   0x000fef       data     extern E:\c18v3.46\pic18-lt\cxx-framework\src\traditional\proc\p18f4520.asm
                    INDF1   0x000fe7       data     extern E:\c18v3.46\pic18-lt\cxx-framework\src\traditional\proc\p18f4520.asm
                    INDF2   0x000fdf       data     extern E:\c18v3.46\pic18-lt\cxx-framework\src\traditional\proc\p18f4520.asm
                   INTCON   0x000ff2       data     extern E:\c18v3.46\pic18-lt\cxx-framework\src\traditional\proc\p18f4520.asm
                  INTCON2   0x000ff1       data     extern E:\c18v3.46\pic18-lt\cxx-framework\src\traditional\proc\p18f4520.asm
              INTCON2bits   0x000ff1       data     extern E:\c18v3.46\pic18-lt\cxx-framework\src\traditional\proc\p18f4520.asm
                  INTCON3   0x000ff0       data     extern E:\c18v3.46\pic18-lt\cxx-framework\src\traditional\proc\p18f4520.asm
              INTCON3bits   0x000ff0       data     extern E:\c18v3.46\pic18-lt\cxx-framework\src\traditional\proc\p18f4520.asm
               INTCONbits   0x000ff2       data     extern E:\c18v3.46\pic18-lt\cxx-framework\src\traditional\proc\p18f4520.asm
                     IPR1   0x000f9f       data     extern E:\c18v3.46\pic18-lt\cxx-framework\src\traditional\proc\p18f4520.asm
                 IPR1bits   0x000f9f       data     extern E:\c18v3.46\pic18-lt\cxx-framework\src\traditional\proc\p18f4520.asm
                     IPR2   0x000fa2       data     extern E:\c18v3.46\pic18-lt\cxx-framework\src\traditional\proc\p18f4520.asm
                 IPR2bits   0x000fa2       data     extern E:\c18v3.46\pic18-lt\cxx-framework\src\traditional\proc\p18f4520.asm
                     LATA   0x000f89       data     extern E:\c18v3.46\pic18-lt\cxx-framework\src\traditional\proc\p18f4520.asm
                 LATAbits   0x000f89       data     extern E:\c18v3.46\pic18-lt\cxx-framework\src\traditional\proc\p18f4520.asm
                     LATB   0x000f8a       data     extern E:\c18v3.46\pic18-lt\cxx-framework\src\traditional\proc\p18f4520.asm
                 LATBbits   0x000f8a       data     extern E:\c18v3.46\pic18-lt\cxx-framework\src\traditional\proc\p18f4520.asm
                     LATC   0x000f8b       data     extern E:\c18v3.46\pic18-lt\cxx-framework\src\traditional\proc\p18f4520.asm
                 LATCbits   0x000f8b       data     extern E:\c18v3.46\pic18-lt\cxx-framework\src\traditional\proc\p18f4520.asm
                     LATD   0x000f8c       data     extern E:\c18v3.46\pic18-lt\cxx-framework\src\traditional\proc\p18f4520.asm
                 LATDbits   0x000f8c       data     extern E:\c18v3.46\pic18-lt\cxx-framework\src\traditional\proc\p18f4520.asm
                     LATE   0x000f8d       data     extern E:\c18v3.46\pic18-lt\cxx-framework\src\traditional\proc\p18f4520.asm
                 LATEbits   0x000f8d       data     extern E:\c18v3.46\pic18-lt\cxx-framework\src\traditional\proc\p18f4520.asm
                   LVDCON   0x000fd2       data     extern E:\c18v3.46\pic18-lt\cxx-framework\src\traditional\proc\p18f4520.asm
               LVDCONbits   0x000fd2       data     extern E:\c18v3.46\pic18-lt\cxx-framework\src\traditional\proc\p18f4520.asm
                    Login   0x0001fd       data     extern C:\Users\Roshan\Desktop\chennai Andon V3\source\keypad_driver.c
                   OSCCON   0x000fd3       data     extern E:\c18v3.46\pic18-lt\cxx-framework\src\traditional\proc\p18f4520.asm
               OSCCONbits   0x000fd3       data     extern E:\c18v3.46\pic18-lt\cxx-framework\src\traditional\proc\p18f4520.asm
                  OSCTUNE   0x000f9b       data     extern E:\c18v3.46\pic18-lt\cxx-framework\src\traditional\proc\p18f4520.asm
              OSCTUNEbits   0x000f9b       data     extern E:\c18v3.46\pic18-lt\cxx-framework\src\traditional\proc\p18f4520.asm
                       PC   0x000ff9       data     extern E:\c18v3.46\pic18-lt\cxx-framework\src\traditional\proc\p18f4520.asm
                      PCL   0x000ff9       data     extern E:\c18v3.46\pic18-lt\cxx-framework\src\traditional\proc\p18f4520.asm
                   PCLATH   0x000ffa       data     extern E:\c18v3.46\pic18-lt\cxx-framework\src\traditional\proc\p18f4520.asm
                   PCLATU   0x000ffb       data     extern E:\c18v3.46\pic18-lt\cxx-framework\src\traditional\proc\p18f4520.asm
                     PIE1   0x000f9d       data     extern E:\c18v3.46\pic18-lt\cxx-framework\src\traditional\proc\p18f4520.asm
                 PIE1bits   0x000f9d       data     extern E:\c18v3.46\pic18-lt\cxx-framework\src\traditional\proc\p18f4520.asm
                     PIE2   0x000fa0       data     extern E:\c18v3.46\pic18-lt\cxx-framework\src\traditional\proc\p18f4520.asm
                 PIE2bits   0x000fa0       data     extern E:\c18v3.46\pic18-lt\cxx-framework\src\traditional\proc\p18f4520.asm
                     PIR1   0x000f9e       data     extern E:\c18v3.46\pic18-lt\cxx-framework\src\traditional\proc\p18f4520.asm
                 PIR1bits   0x000f9e       data     extern E:\c18v3.46\pic18-lt\cxx-framework\src\traditional\proc\p18f4520.asm
                     PIR2   0x000fa1       data     extern E:\c18v3.46\pic18-lt\cxx-framework\src\traditional\proc\p18f4520.asm
                 PIR2bits   0x000fa1       data     extern E:\c18v3.46\pic18-lt\cxx-framework\src\traditional\proc\p18f4520.asm
                   PLUSW0   0x000feb       data     extern E:\c18v3.46\pic18-lt\cxx-framework\src\traditional\proc\p18f4520.asm
                   PLUSW1   0x000fe3       data     extern E:\c18v3.46\pic18-lt\cxx-framework\src\traditional\proc\p18f4520.asm
                   PLUSW2   0x000fdb       data     extern E:\c18v3.46\pic18-lt\cxx-framework\src\traditional\proc\p18f4520.asm
                    PORTA   0x000f80       data     extern E:\c18v3.46\pic18-lt\cxx-framework\src\traditional\proc\p18f4520.asm
                PORTAbits   0x000f80       data     extern E:\c18v3.46\pic18-lt\cxx-framework\src\traditional\proc\p18f4520.asm
                    PORTB   0x000f81       data     extern E:\c18v3.46\pic18-lt\cxx-framework\src\traditional\proc\p18f4520.asm
                PORTBbits   0x000f81       data     extern E:\c18v3.46\pic18-lt\cxx-framework\src\traditional\proc\p18f4520.asm
                    PORTC   0x000f82       data     extern E:\c18v3.46\pic18-lt\cxx-framework\src\traditional\proc\p18f4520.asm
                PORTCbits   0x000f82       data     extern E:\c18v3.46\pic18-lt\cxx-framework\src\traditional\proc\p18f4520.asm
                    PORTD   0x000f83       data     extern E:\c18v3.46\pic18-lt\cxx-framework\src\traditional\proc\p18f4520.asm
                PORTDbits   0x000f83       data     extern E:\c18v3.46\pic18-lt\cxx-framework\src\traditional\proc\p18f4520.asm
                    PORTE   0x000f84       data     extern E:\c18v3.46\pic18-lt\cxx-framework\src\traditional\proc\p18f4520.asm
                PORTEbits   0x000f84       data     extern E:\c18v3.46\pic18-lt\cxx-framework\src\traditional\proc\p18f4520.asm
                 POSTDEC0   0x000fed       data     extern E:\c18v3.46\pic18-lt\cxx-framework\src\traditional\proc\p18f4520.asm
                 POSTDEC1   0x000fe5       data     extern E:\c18v3.46\pic18-lt\cxx-framework\src\traditional\proc\p18f4520.asm
                 POSTDEC2   0x000fdd       data     extern E:\c18v3.46\pic18-lt\cxx-framework\src\traditional\proc\p18f4520.asm
                 POSTINC0   0x000fee       data     extern E:\c18v3.46\pic18-lt\cxx-framework\src\traditional\proc\p18f4520.asm
                 POSTINC1   0x000fe6       data     extern E:\c18v3.46\pic18-lt\cxx-framework\src\traditional\proc\p18f4520.asm
                 POSTINC2   0x000fde       data     extern E:\c18v3.46\pic18-lt\cxx-framework\src\traditional\proc\p18f4520.asm
                      PR2   0x000fcb       data     extern E:\c18v3.46\pic18-lt\cxx-framework\src\traditional\proc\p18f4520.asm
                  PREINC0   0x000fec       data     extern E:\c18v3.46\pic18-lt\cxx-framework\src\traditional\proc\p18f4520.asm
                  PREINC1   0x000fe4       data     extern E:\c18v3.46\pic18-lt\cxx-framework\src\traditional\proc\p18f4520.asm
                  PREINC2   0x000fdc       data     extern E:\c18v3.46\pic18-lt\cxx-framework\src\traditional\proc\p18f4520.asm
                     PROD   0x000ff3       data     extern E:\c18v3.46\pic18-lt\cxx-framework\src\traditional\proc\p18f4520.asm
                    PRODH   0x000ff4       data     extern E:\c18v3.46\pic18-lt\cxx-framework\src\traditional\proc\p18f4520.asm
                    PRODL   0x000ff3       data     extern E:\c18v3.46\pic18-lt\cxx-framework\src\traditional\proc\p18f4520.asm
                  PWM1CON   0x000fb7       data     extern E:\c18v3.46\pic18-lt\cxx-framework\src\traditional\proc\p18f4520.asm
              PWM1CONbits   0x000fb7       data     extern E:\c18v3.46\pic18-lt\cxx-framework\src\traditional\proc\p18f4520.asm
                     RCON   0x000fd0       data     extern E:\c18v3.46\pic18-lt\cxx-framework\src\traditional\proc\p18f4520.asm
                 RCONbits   0x000fd0       data     extern E:\c18v3.46\pic18-lt\cxx-framework\src\traditional\proc\p18f4520.asm
                    RCREG   0x000fae       data     extern E:\c18v3.46\pic18-lt\cxx-framework\src\traditional\proc\p18f4520.asm
                    RCSTA   0x000fab       data     extern E:\c18v3.46\pic18-lt\cxx-framework\src\traditional\proc\p18f4520.asm
                RCSTAbits   0x000fab       data     extern E:\c18v3.46\pic18-lt\cxx-framework\src\traditional\proc\p18f4520.asm
                     SIGN   0x000000       data     extern E:\c18v3.46\pic18-lt\cxx-framework\src\traditional\math\cmath18.asm
                    SPBRG   0x000faf       data     extern E:\c18v3.46\pic18-lt\cxx-framework\src\traditional\proc\p18f4520.asm
                   SPBRGH   0x000fb0       data     extern E:\c18v3.46\pic18-lt\cxx-framework\src\traditional\proc\p18f4520.asm
                   SSPADD   0x000fc8       data     extern E:\c18v3.46\pic18-lt\cxx-framework\src\traditional\proc\p18f4520.asm
                   SSPBUF   0x000fc9       data     extern E:\c18v3.46\pic18-lt\cxx-framework\src\traditional\proc\p18f4520.asm
                  SSPCON1   0x000fc6       data     extern E:\c18v3.46\pic18-lt\cxx-framework\src\traditional\proc\p18f4520.asm
              SSPCON1bits   0x000fc6       data     extern E:\c18v3.46\pic18-lt\cxx-framework\src\traditional\proc\p18f4520.asm
                  SSPCON2   0x000fc5       data     extern E:\c18v3.46\pic18-lt\cxx-framework\src\traditional\proc\p18f4520.asm
              SSPCON2bits   0x000fc5       data     extern E:\c18v3.46\pic18-lt\cxx-framework\src\traditional\proc\p18f4520.asm
                  SSPSTAT   0x000fc7       data     extern E:\c18v3.46\pic18-lt\cxx-framework\src\traditional\proc\p18f4520.asm
              SSPSTATbits   0x000fc7       data     extern E:\c18v3.46\pic18-lt\cxx-framework\src\traditional\proc\p18f4520.asm
                   STATUS   0x000fd8       data     extern E:\c18v3.46\pic18-lt\cxx-framework\src\traditional\proc\p18f4520.asm
               STATUSbits   0x000fd8       data     extern E:\c18v3.46\pic18-lt\cxx-framework\src\traditional\proc\p18f4520.asm
                   STKPTR   0x000ffc       data     extern E:\c18v3.46\pic18-lt\cxx-framework\src\traditional\proc\p18f4520.asm
               STKPTRbits   0x000ffc       data     extern E:\c18v3.46\pic18-lt\cxx-framework\src\traditional\proc\p18f4520.asm
                    T0CON   0x000fd5       data     extern E:\c18v3.46\pic18-lt\cxx-framework\src\traditional\proc\p18f4520.asm
                T0CONbits   0x000fd5       data     extern E:\c18v3.46\pic18-lt\cxx-framework\src\traditional\proc\p18f4520.asm
                    T1CON   0x000fcd       data     extern E:\c18v3.46\pic18-lt\cxx-framework\src\traditional\proc\p18f4520.asm
                T1CONbits   0x000fcd       data     extern E:\c18v3.46\pic18-lt\cxx-framework\src\traditional\proc\p18f4520.asm
                    T2CON   0x000fca       data     extern E:\c18v3.46\pic18-lt\cxx-framework\src\traditional\proc\p18f4520.asm
                T2CONbits   0x000fca       data     extern E:\c18v3.46\pic18-lt\cxx-framework\src\traditional\proc\p18f4520.asm
                    T3CON   0x000fb1       data     extern E:\c18v3.46\pic18-lt\cxx-framework\src\traditional\proc\p18f4520.asm
                T3CONbits   0x000fb1       data     extern E:\c18v3.46\pic18-lt\cxx-framework\src\traditional\proc\p18f4520.asm
                   TABLAT   0x000ff5       data     extern E:\c18v3.46\pic18-lt\cxx-framework\src\traditional\proc\p18f4520.asm
                   TBLPTR   0x000ff6       data     extern E:\c18v3.46\pic18-lt\cxx-framework\src\traditional\proc\p18f4520.asm
                  TBLPTRH   0x000ff7       data     extern E:\c18v3.46\pic18-lt\cxx-framework\src\traditional\proc\p18f4520.asm
                  TBLPTRL   0x000ff6       data     extern E:\c18v3.46\pic18-lt\cxx-framework\src\traditional\proc\p18f4520.asm
                  TBLPTRU   0x000ff8       data     extern E:\c18v3.46\pic18-lt\cxx-framework\src\traditional\proc\p18f4520.asm
                    TMR0H   0x000fd7       data     extern E:\c18v3.46\pic18-lt\cxx-framework\src\traditional\proc\p18f4520.asm
                    TMR0L   0x000fd6       data     extern E:\c18v3.46\pic18-lt\cxx-framework\src\traditional\proc\p18f4520.asm
                    TMR1H   0x000fcf       data     extern E:\c18v3.46\pic18-lt\cxx-framework\src\traditional\proc\p18f4520.asm
                    TMR1L   0x000fce       data     extern E:\c18v3.46\pic18-lt\cxx-framework\src\traditional\proc\p18f4520.asm
                     TMR2   0x000fcc       data     extern E:\c18v3.46\pic18-lt\cxx-framework\src\traditional\proc\p18f4520.asm
                    TMR3H   0x000fb3       data     extern E:\c18v3.46\pic18-lt\cxx-framework\src\traditional\proc\p18f4520.asm
                    TMR3L   0x000fb2       data     extern E:\c18v3.46\pic18-lt\cxx-framework\src\traditional\proc\p18f4520.asm
                      TOS   0x000ffd       data     extern E:\c18v3.46\pic18-lt\cxx-framework\src\traditional\proc\p18f4520.asm
                     TOSH   0x000ffe       data     extern E:\c18v3.46\pic18-lt\cxx-framework\src\traditional\proc\p18f4520.asm
                     TOSL   0x000ffd       data     extern E:\c18v3.46\pic18-lt\cxx-framework\src\traditional\proc\p18f4520.asm
                     TOSU   0x000fff       data     extern E:\c18v3.46\pic18-lt\cxx-framework\src\traditional\proc\p18f4520.asm
                    TRISA   0x000f92       data     extern E:\c18v3.46\pic18-lt\cxx-framework\src\traditional\proc\p18f4520.asm
                TRISAbits   0x000f92       data     extern E:\c18v3.46\pic18-lt\cxx-framework\src\traditional\proc\p18f4520.asm
                    TRISB   0x000f93       data     extern E:\c18v3.46\pic18-lt\cxx-framework\src\traditional\proc\p18f4520.asm
                TRISBbits   0x000f93       data     extern E:\c18v3.46\pic18-lt\cxx-framework\src\traditional\proc\p18f4520.asm
                    TRISC   0x000f94       data     extern E:\c18v3.46\pic18-lt\cxx-framework\src\traditional\proc\p18f4520.asm
                TRISCbits   0x000f94       data     extern E:\c18v3.46\pic18-lt\cxx-framework\src\traditional\proc\p18f4520.asm
                    TRISD   0x000f95       data     extern E:\c18v3.46\pic18-lt\cxx-framework\src\traditional\proc\p18f4520.asm
                TRISDbits   0x000f95       data     extern E:\c18v3.46\pic18-lt\cxx-framework\src\traditional\proc\p18f4520.asm
                    TRISE   0x000f96       data     extern E:\c18v3.46\pic18-lt\cxx-framework\src\traditional\proc\p18f4520.asm
                TRISEbits   0x000f96       data     extern E:\c18v3.46\pic18-lt\cxx-framework\src\traditional\proc\p18f4520.asm
                    TXREG   0x000fad       data     extern E:\c18v3.46\pic18-lt\cxx-framework\src\traditional\proc\p18f4520.asm
                    TXSTA   0x000fac       data     extern E:\c18v3.46\pic18-lt\cxx-framework\src\traditional\proc\p18f4520.asm
                TXSTAbits   0x000fac       data     extern E:\c18v3.46\pic18-lt\cxx-framework\src\traditional\proc\p18f4520.asm
                   UI_MSG   0x000272       data     extern C:\Users\Roshan\Desktop\chennai Andon V3\source\UI.c
             USART_Status   0x0001ff       data     extern E:\c18v3.46\pic18-lt\cxx-framework\src\pmc_common\USART\udefs.c
               ViewIssues   0x0001fe       data     extern C:\Users\Roshan\Desktop\chennai Andon V3\source\keypad_driver.c
                        W   0x000fe8       data     extern E:\c18v3.46\pic18-lt\cxx-framework\src\traditional\proc\p18f4520.asm
                   WDTCON   0x000fd1       data     extern E:\c18v3.46\pic18-lt\cxx-framework\src\traditional\proc\p18f4520.asm
               WDTCONbits   0x000fd1       data     extern E:\c18v3.46\pic18-lt\cxx-framework\src\traditional\proc\p18f4520.asm
                     WREG   0x000fe8       data     extern E:\c18v3.46\pic18-lt\cxx-framework\src\traditional\proc\p18f4520.asm
                 __AARGB0   0x000009       data     extern E:\c18v3.46\pic18-lt\cxx-framework\src\traditional\math\aarg.asm
                 __AARGB1   0x000008       data     extern E:\c18v3.46\pic18-lt\cxx-framework\src\traditional\math\aarg.asm
                 __AARGB2   0x000007       data     extern E:\c18v3.46\pic18-lt\cxx-framework\src\traditional\math\aarg.asm
                 __AARGB3   0x000006       data     extern E:\c18v3.46\pic18-lt\cxx-framework\src\traditional\math\aarg.asm
                 __AARGB4   0x000005       data     extern E:\c18v3.46\pic18-lt\cxx-framework\src\traditional\math\aarg.asm
                 __AARGB5   0x000004       data     extern E:\c18v3.46\pic18-lt\cxx-framework\src\traditional\math\aarg.asm
                 __AARGB6   0x000003       data     extern E:\c18v3.46\pic18-lt\cxx-framework\src\traditional\math\aarg.asm
                 __AARGB7   0x000002       data     extern E:\c18v3.46\pic18-lt\cxx-framework\src\traditional\math\aarg.asm
                   __AEXP   0x00000a       data     extern E:\c18v3.46\pic18-lt\cxx-framework\src\traditional\math\aarg.asm
                 __BARGB0   0x00000e       data     extern E:\c18v3.46\pic18-lt\cxx-framework\src\traditional\math\barg.asm
                 __BARGB1   0x00000d       data     extern E:\c18v3.46\pic18-lt\cxx-framework\src\traditional\math\barg.asm
                 __BARGB2   0x00000c       data     extern E:\c18v3.46\pic18-lt\cxx-framework\src\traditional\math\barg.asm
                 __BARGB3   0x00000b       data     extern E:\c18v3.46\pic18-lt\cxx-framework\src\traditional\math\barg.asm
                   __BEXP   0x00000f       data     extern E:\c18v3.46\pic18-lt\cxx-framework\src\traditional\math\barg.asm
                __FPFLAGS   0x000001       data     extern E:\c18v3.46\pic18-lt\cxx-framework\src\traditional\math\cmath18.asm
            __FPFLAGSbits   0x000001       data     extern E:\c18v3.46\pic18-lt\cxx-framework\src\traditional\math\cmath18.asm
                  __REMB0   0x000005       data     extern E:\c18v3.46\pic18-lt\cxx-framework\src\traditional\math\aarg.asm
                  __REMB1   0x000004       data     extern E:\c18v3.46\pic18-lt\cxx-framework\src\traditional\math\aarg.asm
                  __REMB2   0x000003       data     extern E:\c18v3.46\pic18-lt\cxx-framework\src\traditional\math\aarg.asm
                  __REMB3   0x000002       data     extern E:\c18v3.46\pic18-lt\cxx-framework\src\traditional\math\aarg.asm
                   __TEMP   0x000013       data     extern E:\c18v3.46\pic18-lt\cxx-framework\src\traditional\math\temparg.asm
                 __TEMPB0   0x000013       data     extern E:\c18v3.46\pic18-lt\cxx-framework\src\traditional\math\temparg.asm
                 __TEMPB1   0x000012       data     extern E:\c18v3.46\pic18-lt\cxx-framework\src\traditional\math\temparg.asm
                 __TEMPB2   0x000011       data     extern E:\c18v3.46\pic18-lt\cxx-framework\src\traditional\math\temparg.asm
                 __TEMPB3   0x000010       data     extern E:\c18v3.46\pic18-lt\cxx-framework\src\traditional\math\temparg.asm
                  __tmp_0   0x000014       data     static E:\c18v3.46\pic18-lt\cxx-framework\src\pmc_common\EEP\write_B.c
                  __tmp_0   0x000014       data     static C:\Users\Roshan\Desktop\chennai Andon V3\source\app.c
                  __tmp_0   0x000014       data     static C:\Users\Roshan\Desktop\chennai Andon V3\source\uart.c
                  __tmp_0   0x000014       data     static C:\Users\Roshan\Desktop\chennai Andon V3\source\communication.c
                  __tmp_0   0x000014       data     static C:\Users\Roshan\Desktop\chennai Andon V3\source\lcd.c
                  __tmp_0   0x000014       data     static E:\c18v3.46\pic18-lt\cxx-framework\src\pmc_common\EEP\read_B.c
                  __tmp_0   0x000014       data     static E:\c18v3.46\pic18-lt\cxx-framework\src\pmc_common\USART\uopen.c
                  __tmp_0   0x000014       data     static C:\Users\Roshan\Desktop\chennai Andon V3\source\UI.c
                 ackIssue   0x000169       data     extern C:\Users\Roshan\Desktop\chennai Andon V3\source\UI.c
           appUpdateCount   0x00019e       data     extern C:\Users\Roshan\Desktop\chennai Andon V3\source\timer.c
               comTimeout   0x00029d       data     extern C:\Users\Roshan\Desktop\chennai Andon V3\source\communication.c
           comUpdateCount   0x00019c       data     extern C:\Users\Roshan\Desktop\chennai Andon V3\source\timer.c
            communication   0x000200       data     extern C:\Users\Roshan\Desktop\chennai Andon V3\source\communication.c
                    count   0x000196       data     extern C:\Users\Roshan\Desktop\chennai Andon V3\source\timer.c
                curr_byte   0x00028d       data     static E:\c18v3.46\pic18-lt\cxx-framework\src\traditional\startup\c018i.c
               curr_entry   0x00028f       data     static E:\c18v3.46\pic18-lt\cxx-framework\src\traditional\startup\c018i.c
                 data_ptr   0x000291       data     static E:\c18v3.46\pic18-lt\cxx-framework\src\traditional\startup\c018i.c
                 duration   0x0001fa       data     static C:\Users\Roshan\Desktop\chennai Andon V3\source\keypad_driver.c
           heartBeatCount   0x000198       data     extern C:\Users\Roshan\Desktop\chennai Andon V3\source\timer.c
                      ias   0x000300       data     extern C:\Users\Roshan\Desktop\chennai Andon V3\source\app.c
                issueInfo   0x000365       data     extern C:\Users\Roshan\Desktop\chennai Andon V3\source\app.c
         kepadInReadIndex   0x0001f8       data     static C:\Users\Roshan\Desktop\chennai Andon V3\source\keypad_driver.c
     keypadInWaitingIndex   0x0001f9       data     static C:\Users\Roshan\Desktop\chennai Andon V3\source\keypad_driver.c
      keypadReceiveBuffer   0x0001ea       data     static C:\Users\Roshan\Desktop\chennai Andon V3\source\keypad_driver.c
        keypadUpdateCount   0x00019a       data     extern C:\Users\Roshan\Desktop\chennai Andon V3\source\timer.c
             lastValidKey   0x0001fc       data     static C:\Users\Roshan\Desktop\chennai Andon V3\source\keypad_driver.c
                      lcd   0x000250       data     extern C:\Users\Roshan\Desktop\chennai Andon V3\source\lcd.c
                 ledState   0x00029f       data     static C:\Users\Roshan\Desktop\chennai Andon V3\source\board.c
                 ledState   0x0002a0       data     extern C:\Users\Roshan\Desktop\chennai Andon V3\source\heartBeat.c
                      log   0x000368       data     extern C:\Users\Roshan\Desktop\chennai Andon V3\source\app.c
                  message   0x000294       data     extern C:\Users\Roshan\Desktop\chennai Andon V3\source\main.c
                   oldKey   0x0001fb       data     static C:\Users\Roshan\Desktop\chennai Andon V3\source\keypad_driver.c
                openIssue   0x000148       data     extern C:\Users\Roshan\Desktop\chennai Andon V3\source\UI.c
                     prom   0x00028a       data     static E:\c18v3.46\pic18-lt\cxx-framework\src\traditional\startup\c018i.c
     timeStampUpdateCount   0x0001a2       data     extern C:\Users\Roshan\Desktop\chennai Andon V3\source\timer.c
                      tmr   0x00018a       data     extern C:\Users\Roshan\Desktop\chennai Andon V3\source\timer.c
                     uart   0x0001a8       data     extern C:\Users\Roshan\Desktop\chennai Andon V3\source\uart.c
                       ui   0x000100       data     extern C:\Users\Roshan\Desktop\chennai Andon V3\source\UI.c
            uiUpdateCount   0x0001a0       data     extern C:\Users\Roshan\Desktop\chennai Andon V3\source\timer.c



                              Symbols - Sorted by Address
                     Name    Address   Location    Storage File                     
                ---------  ---------  ---------  --------- ---------                
                   _entry   0x000000    program     extern E:\c18v3.46\pic18-lt\cxx-framework\src\traditional\startup\c018i.c
       ___return_lbl00000   0x000004    program     static                          
                  timeout   0x000006    program     static C:\Users\Roshan\Desktop\chennai Andon V3\source\app.c
           high_interrupt   0x000008    program     extern C:\Users\Roshan\Desktop\chennai Andon V3\source\interruptvector.c
       ___return_lbl00000   0x000010    program     static                          
           ___if_lbl00001   0x000010    program     static                          
                 Busy_eep   0x000012    program     extern E:\c18v3.46\pic18-lt\cxx-framework\src\pmc_common\EEP\busy_eep.c
            low_interrupt   0x000018    program     extern C:\Users\Roshan\Desktop\chennai Andon V3\source\interruptvector.c
           ___if_lbl00003   0x000020    program     static                          
       ___return_lbl00002   0x000020    program     static                          
         EnableInterrupts   0x000022    program     extern C:\Users\Roshan\Desktop\chennai Andon V3\source\interruptvector.c
              Delay1KTCYx   0x00002c    program     extern E:\c18v3.46\pic18-lt\cxx-framework\src\traditional\delays\d1ktcyx.asm
                     D1Kx   0x000036    program     static E:\c18v3.46\pic18-lt\cxx-framework\src\traditional\delays\d1ktcyx.asm
                    D1K_1   0x000038    program     static E:\c18v3.46\pic18-lt\cxx-framework\src\traditional\delays\d1ktcyx.asm
        _D1KTCYXCODE_0010   0x00003c    program     static E:\c18v3.46\pic18-lt\cxx-framework\src\traditional\delays\d1ktcyx.asm
        _D1KTCYXCODE_0016   0x000042    program     static E:\c18v3.46\pic18-lt\cxx-framework\src\traditional\delays\d1ktcyx.asm
                   __init   0x00004c    program     extern E:\c18v3.46\pic18-lt\cxx-framework\src\traditional\stdclib\__init.c
                 APP_init   0x0000e2    program     extern C:\Users\Roshan\Desktop\chennai Andon V3\source\app.c
          ___for_lbl00009   0x00011e    program     static                          
          ___for_lbl00005   0x000166    program     static                          
          ___for_lbl00003   0x0001da    program     static                          
          ___for_lbl00004   0x0001e0    program     static                          
           ___if_lbl00006   0x000214    program     static                          
           ___if_lbl00007   0x00024a    program     static                          
           ___if_lbl00008   0x000284    program     static                          
          ___for_lbl00001   0x000284    program     static                          
          ___for_lbl00002   0x00028e    program     static                          
         ___else_lbl00013   0x0002a2    program     static                          
         ___else_lbl00011   0x0002b6    program     static                          
           ___if_lbl00010   0x0002c0    program     static                          
           ___if_lbl00012   0x0002c0    program     static                          
           ___if_lbl00014   0x0002d0    program     static                          
       ___return_lbl00000   0x00035c    program     static                          
                    login   0x000370    program     extern C:\Users\Roshan\Desktop\chennai Andon V3\source\app.c
                APP_login   0x00043a    program     extern C:\Users\Roshan\Desktop\chennai Andon V3\source\app.c
               APP_logout   0x0004c8    program     extern C:\Users\Roshan\Desktop\chennai Andon V3\source\app.c
                 APP_task   0x000560    program     extern C:\Users\Roshan\Desktop\chennai Andon V3\source\app.c
               __tmplbl_0   0x0005b2    program     static                          
          ___for_lbl00035   0x0005c8    program     static                          
          ___for_lbl00032   0x000714    program     static                          
           ___if_lbl00034   0x000714    program     static                          
          ___for_lbl00033   0x000718    program     static                          
       ___return_lbl00031   0x00072c    program     static                          
           ___if_lbl00038   0x00072c    program     static                          
           ___if_lbl00037   0x00072c    program     static                          
           ___if_lbl00036   0x00072c    program     static                          
         APP_getOpenIssue   0x000740    program     extern C:\Users\Roshan\Desktop\chennai Andon V3\source\app.c
               __tmplbl_5   0x001288    program     static                          
 APP_getAcknowledgedIssue   0x00129c    program     extern C:\Users\Roshan\Desktop\chennai Andon V3\source\app.c
              __tmplbl_11   0x001de4    program     static                          
[...]
                    TRISD   0x000f95       data     extern E:\c18v3.46\pic18-lt\cxx-framework\src\traditional\proc\p18f4520.asm
                     DDRD   0x000f95       data     extern E:\c18v3.46\pic18-lt\cxx-framework\src\traditional\proc\p18f4520.asm
                 DDRDbits   0x000f95       data     extern E:\c18v3.46\pic18-lt\cxx-framework\src\traditional\proc\p18f4520.asm
                TRISEbits   0x000f96       data     extern E:\c18v3.46\pic18-lt\cxx-framework\src\traditional\proc\p18f4520.asm
                    TRISE   0x000f96       data     extern E:\c18v3.46\pic18-lt\cxx-framework\src\traditional\proc\p18f4520.asm
                     DDRE   0x000f96       data     extern E:\c18v3.46\pic18-lt\cxx-framework\src\traditional\proc\p18f4520.asm
                 DDREbits   0x000f96       data     extern E:\c18v3.46\pic18-lt\cxx-framework\src\traditional\proc\p18f4520.asm
                  OSCTUNE   0x000f9b       data     extern E:\c18v3.46\pic18-lt\cxx-framework\src\traditional\proc\p18f4520.asm
              OSCTUNEbits   0x000f9b       data     extern E:\c18v3.46\pic18-lt\cxx-framework\src\traditional\proc\p18f4520.asm
                     PIE1   0x000f9d       data     extern E:\c18v3.46\pic18-lt\cxx-framework\src\traditional\proc\p18f4520.asm
                 PIE1bits   0x000f9d       data     extern E:\c18v3.46\pic18-lt\cxx-framework\src\traditional\proc\p18f4520.asm
                     PIR1   0x000f9e       data     extern E:\c18v3.46\pic18-lt\cxx-framework\src\traditional\proc\p18f4520.asm
                 PIR1bits   0x000f9e       data     extern E:\c18v3.46\pic18-lt\cxx-framework\src\traditional\proc\p18f4520.asm
                 IPR1bits   0x000f9f       data     extern E:\c18v3.46\pic18-lt\cxx-framework\src\traditional\proc\p18f4520.asm
                     IPR1   0x000f9f       data     extern E:\c18v3.46\pic18-lt\cxx-framework\src\traditional\proc\p18f4520.asm
                     PIE2   0x000fa0       data     extern E:\c18v3.46\pic18-lt\cxx-framework\src\traditional\proc\p18f4520.asm
                 PIE2bits   0x000fa0       data     extern E:\c18v3.46\pic18-lt\cxx-framework\src\traditional\proc\p18f4520.asm
                 PIR2bits   0x000fa1       data     extern E:\c18v3.46\pic18-lt\cxx-framework\src\traditional\proc\p18f4520.asm
                     PIR2   0x000fa1       data     extern E:\c18v3.46\pic18-lt\cxx-framework\src\traditional\proc\p18f4520.asm
                     IPR2   0x000fa2       data     extern E:\c18v3.46\pic18-lt\cxx-framework\src\traditional\proc\p18f4520.asm
                 IPR2bits   0x000fa2       data     extern E:\c18v3.46\pic18-lt\cxx-framework\src\traditional\proc\p18f4520.asm
               EECON1bits   0x000fa6       data     extern E:\c18v3.46\pic18-lt\cxx-framework\src\traditional\proc\p18f4520.asm
                   EECON1   0x000fa6       data     extern E:\c18v3.46\pic18-lt\cxx-framework\src\traditional\proc\p18f4520.asm
                   EECON2   0x000fa7       data     extern E:\c18v3.46\pic18-lt\cxx-framework\src\traditional\proc\p18f4520.asm
                   EEDATA   0x000fa8       data     extern E:\c18v3.46\pic18-lt\cxx-framework\src\traditional\proc\p18f4520.asm
                    EEADR   0x000fa9       data     extern E:\c18v3.46\pic18-lt\cxx-framework\src\traditional\proc\p18f4520.asm
                    RCSTA   0x000fab       data     extern E:\c18v3.46\pic18-lt\cxx-framework\src\traditional\proc\p18f4520.asm
                RCSTAbits   0x000fab       data     extern E:\c18v3.46\pic18-lt\cxx-framework\src\traditional\proc\p18f4520.asm
                TXSTAbits   0x000fac       data     extern E:\c18v3.46\pic18-lt\cxx-framework\src\traditional\proc\p18f4520.asm
                    TXSTA   0x000fac       data     extern E:\c18v3.46\pic18-lt\cxx-framework\src\traditional\proc\p18f4520.asm
                    TXREG   0x000fad       data     extern E:\c18v3.46\pic18-lt\cxx-framework\src\traditional\proc\p18f4520.asm
                    RCREG   0x000fae       data     extern E:\c18v3.46\pic18-lt\cxx-framework\src\traditional\proc\p18f4520.asm
                    SPBRG   0x000faf       data     extern E:\c18v3.46\pic18-lt\cxx-framework\src\traditional\proc\p18f4520.asm
                   SPBRGH   0x000fb0       data     extern E:\c18v3.46\pic18-lt\cxx-framework\src\traditional\proc\p18f4520.asm
                T3CONbits   0x000fb1       data     extern E:\c18v3.46\pic18-lt\cxx-framework\src\traditional\proc\p18f4520.asm
                    T3CON   0x000fb1       data     extern E:\c18v3.46\pic18-lt\cxx-framework\src\traditional\proc\p18f4520.asm
                    TMR3L   0x000fb2       data     extern E:\c18v3.46\pic18-lt\cxx-framework\src\traditional\proc\p18f4520.asm
                    TMR3H   0x000fb3       data     extern E:\c18v3.46\pic18-lt\cxx-framework\src\traditional\proc\p18f4520.asm
                    CMCON   0x000fb4       data     extern E:\c18v3.46\pic18-lt\cxx-framework\src\traditional\proc\p18f4520.asm
                CMCONbits   0x000fb4       data     extern E:\c18v3.46\pic18-lt\cxx-framework\src\traditional\proc\p18f4520.asm
                   CVRCON   0x000fb5       data     extern E:\c18v3.46\pic18-lt\cxx-framework\src\traditional\proc\p18f4520.asm
               CVRCONbits   0x000fb5       data     extern E:\c18v3.46\pic18-lt\cxx-framework\src\traditional\proc\p18f4520.asm
               ECCPASbits   0x000fb6       data     extern E:\c18v3.46\pic18-lt\cxx-framework\src\traditional\proc\p18f4520.asm
                  ECCP1AS   0x000fb6       data     extern E:\c18v3.46\pic18-lt\cxx-framework\src\traditional\proc\p18f4520.asm
              ECCP1ASbits   0x000fb6       data     extern E:\c18v3.46\pic18-lt\cxx-framework\src\traditional\proc\p18f4520.asm
                   ECCPAS   0x000fb6       data     extern E:\c18v3.46\pic18-lt\cxx-framework\src\traditional\proc\p18f4520.asm
             ECCP1DELbits   0x000fb7       data     extern E:\c18v3.46\pic18-lt\cxx-framework\src\traditional\proc\p18f4520.asm
                 ECCP1DEL   0x000fb7       data     extern E:\c18v3.46\pic18-lt\cxx-framework\src\traditional\proc\p18f4520.asm
              PWM1CONbits   0x000fb7       data     extern E:\c18v3.46\pic18-lt\cxx-framework\src\traditional\proc\p18f4520.asm
                  PWM1CON   0x000fb7       data     extern E:\c18v3.46\pic18-lt\cxx-framework\src\traditional\proc\p18f4520.asm
                  BAUDCON   0x000fb8       data     extern E:\c18v3.46\pic18-lt\cxx-framework\src\traditional\proc\p18f4520.asm
              BAUDCONbits   0x000fb8       data     extern E:\c18v3.46\pic18-lt\cxx-framework\src\traditional\proc\p18f4520.asm
                  BAUDCTL   0x000fb8       data     extern E:\c18v3.46\pic18-lt\cxx-framework\src\traditional\proc\p18f4520.asm
              BAUDCTLbits   0x000fb8       data     extern E:\c18v3.46\pic18-lt\cxx-framework\src\traditional\proc\p18f4520.asm
              CCP2CONbits   0x000fba       data     extern E:\c18v3.46\pic18-lt\cxx-framework\src\traditional\proc\p18f4520.asm
                  CCP2CON   0x000fba       data     extern E:\c18v3.46\pic18-lt\cxx-framework\src\traditional\proc\p18f4520.asm
                    CCPR2   0x000fbb       data     extern E:\c18v3.46\pic18-lt\cxx-framework\src\traditional\proc\p18f4520.asm
                   CCPR2L   0x000fbb       data     extern E:\c18v3.46\pic18-lt\cxx-framework\src\traditional\proc\p18f4520.asm
                   CCPR2H   0x000fbc       data     extern E:\c18v3.46\pic18-lt\cxx-framework\src\traditional\proc\p18f4520.asm
              CCP1CONbits   0x000fbd       data     extern E:\c18v3.46\pic18-lt\cxx-framework\src\traditional\proc\p18f4520.asm
                  CCP1CON   0x000fbd       data     extern E:\c18v3.46\pic18-lt\cxx-framework\src\traditional\proc\p18f4520.asm
                    CCPR1   0x000fbe       data     extern E:\c18v3.46\pic18-lt\cxx-framework\src\traditional\proc\p18f4520.asm
                   CCPR1L   0x000fbe       data     extern E:\c18v3.46\pic18-lt\cxx-framework\src\traditional\proc\p18f4520.asm
                   CCPR1H   0x000fbf       data     extern E:\c18v3.46\pic18-lt\cxx-framework\src\traditional\proc\p18f4520.asm
                   ADCON2   0x000fc0       data     extern E:\c18v3.46\pic18-lt\cxx-framework\src\traditional\proc\p18f4520.asm
               ADCON2bits   0x000fc0       data     extern E:\c18v3.46\pic18-lt\cxx-framework\src\traditional\proc\p18f4520.asm
                   ADCON1   0x000fc1       data     extern E:\c18v3.46\pic18-lt\cxx-framework\src\traditional\proc\p18f4520.asm
               ADCON1bits   0x000fc1       data     extern E:\c18v3.46\pic18-lt\cxx-framework\src\traditional\proc\p18f4520.asm
                   ADCON0   0x000fc2       data     extern E:\c18v3.46\pic18-lt\cxx-framework\src\traditional\proc\p18f4520.asm
               ADCON0bits   0x000fc2       data     extern E:\c18v3.46\pic18-lt\cxx-framework\src\traditional\proc\p18f4520.asm
                   ADRESL   0x000fc3       data     extern E:\c18v3.46\pic18-lt\cxx-framework\src\traditional\proc\p18f4520.asm
                    ADRES   0x000fc3       data     extern E:\c18v3.46\pic18-lt\cxx-framework\src\traditional\proc\p18f4520.asm
                   ADRESH   0x000fc4       data     extern E:\c18v3.46\pic18-lt\cxx-framework\src\traditional\proc\p18f4520.asm
              SSPCON2bits   0x000fc5       data     extern E:\c18v3.46\pic18-lt\cxx-framework\src\traditional\proc\p18f4520.asm
                  SSPCON2   0x000fc5       data     extern E:\c18v3.46\pic18-lt\cxx-framework\src\traditional\proc\p18f4520.asm
              SSPCON1bits   0x000fc6       data     extern E:\c18v3.46\pic18-lt\cxx-framework\src\traditional\proc\p18f4520.asm
                  SSPCON1   0x000fc6       data     extern E:\c18v3.46\pic18-lt\cxx-framework\src\traditional\proc\p18f4520.asm
                  SSPSTAT   0x000fc7       data     extern E:\c18v3.46\pic18-lt\cxx-framework\src\traditional\proc\p18f4520.asm
              SSPSTATbits   0x000fc7       data     extern E:\c18v3.46\pic18-lt\cxx-framework\src\traditional\proc\p18f4520.asm
                   SSPADD   0x000fc8       data     extern E:\c18v3.46\pic18-lt\cxx-framework\src\traditional\proc\p18f4520.asm
                   SSPBUF   0x000fc9       data     extern E:\c18v3.46\pic18-lt\cxx-framework\src\traditional\proc\p18f4520.asm
                    T2CON   0x000fca       data     extern E:\c18v3.46\pic18-lt\cxx-framework\src\traditional\proc\p18f4520.asm
                T2CONbits   0x000fca       data     extern E:\c18v3.46\pic18-lt\cxx-framework\src\traditional\proc\p18f4520.asm
                      PR2   0x000fcb       data     extern E:\c18v3.46\pic18-lt\cxx-framework\src\traditional\proc\p18f4520.asm
                     TMR2   0x000fcc       data     extern E:\c18v3.46\pic18-lt\cxx-framework\src\traditional\proc\p18f4520.asm
                T1CONbits   0x000fcd       data     extern E:\c18v3.46\pic18-lt\cxx-framework\src\traditional\proc\p18f4520.asm
                    T1CON   0x000fcd       data     extern E:\c18v3.46\pic18-lt\cxx-framework\src\traditional\proc\p18f4520.asm
                    TMR1L   0x000fce       data     extern E:\c18v3.46\pic18-lt\cxx-framework\src\traditional\proc\p18f4520.asm
                    TMR1H   0x000fcf       data     extern E:\c18v3.46\pic18-lt\cxx-framework\src\traditional\proc\p18f4520.asm
                 RCONbits   0x000fd0       data     extern E:\c18v3.46\pic18-lt\cxx-framework\src\traditional\proc\p18f4520.asm
                     RCON   0x000fd0       data     extern E:\c18v3.46\pic18-lt\cxx-framework\src\traditional\proc\p18f4520.asm
                   WDTCON   0x000fd1       data     extern E:\c18v3.46\pic18-lt\cxx-framework\src\traditional\proc\p18f4520.asm
               WDTCONbits   0x000fd1       data     extern E:\c18v3.46\pic18-lt\cxx-framework\src\traditional\proc\p18f4520.asm
                   LVDCON   0x000fd2       data     extern E:\c18v3.46\pic18-lt\cxx-framework\src\traditional\proc\p18f4520.asm
               LVDCONbits   0x000fd2       data     extern E:\c18v3.46\pic18-lt\cxx-framework\src\traditional\proc\p18f4520.asm
              HLVDCONbits   0x000fd2       data     extern E:\c18v3.46\pic18-lt\cxx-framework\src\traditional\proc\p18f4520.asm
                  HLVDCON   0x000fd2       data     extern E:\c18v3.46\pic18-lt\cxx-framework\src\traditional\proc\p18f4520.asm
                   OSCCON   0x000fd3       data     extern E:\c18v3.46\pic18-lt\cxx-framework\src\traditional\proc\p18f4520.asm
               OSCCONbits   0x000fd3       data     extern E:\c18v3.46\pic18-lt\cxx-framework\src\traditional\proc\p18f4520.asm
                T0CONbits   0x000fd5       data     extern E:\c18v3.46\pic18-lt\cxx-framework\src\traditional\proc\p18f4520.asm
                    T0CON   0x000fd5       data     extern E:\c18v3.46\pic18-lt\cxx-framework\src\traditional\proc\p18f4520.asm
                    TMR0L   0x000fd6       data     extern E:\c18v3.46\pic18-lt\cxx-framework\src\traditional\proc\p18f4520.asm
                    TMR0H   0x000fd7       data     extern E:\c18v3.46\pic18-lt\cxx-framework\src\traditional\proc\p18f4520.asm
               STATUSbits   0x000fd8       data     extern E:\c18v3.46\pic18-lt\cxx-framework\src\traditional\proc\p18f4520.asm
                   STATUS   0x000fd8       data     extern E:\c18v3.46\pic18-lt\cxx-framework\src\traditional\proc\p18f4520.asm
                    FSR2L   0x000fd9       data     extern E:\c18v3.46\pic18-lt\cxx-framework\src\traditional\proc\p18f4520.asm
                     FSR2   0x000fd9       data     extern E:\c18v3.46\pic18-lt\cxx-framework\src\traditional\proc\p18f4520.asm
                    FSR2H   0x000fda       data     extern E:\c18v3.46\pic18-lt\cxx-framework\src\traditional\proc\p18f4520.asm
                   PLUSW2   0x000fdb       data     extern E:\c18v3.46\pic18-lt\cxx-framework\src\traditional\proc\p18f4520.asm
                  PREINC2   0x000fdc       data     extern E:\c18v3.46\pic18-lt\cxx-framework\src\traditional\proc\p18f4520.asm
                 POSTDEC2   0x000fdd       data     extern E:\c18v3.46\pic18-lt\cxx-framework\src\traditional\proc\p18f4520.asm
                 POSTINC2   0x000fde       data     extern E:\c18v3.46\pic18-lt\cxx-framework\src\traditional\proc\p18f4520.asm
                    INDF2   0x000fdf       data     extern E:\c18v3.46\pic18-lt\cxx-framework\src\traditional\proc\p18f4520.asm
                      BSR   0x000fe0       data     extern E:\c18v3.46\pic18-lt\cxx-framework\src\traditional\proc\p18f4520.asm
                    FSR1L   0x000fe1       data     extern E:\c18v3.46\pic18-lt\cxx-framework\src\traditional\proc\p18f4520.asm
                     FSR1   0x000fe1       data     extern E:\c18v3.46\pic18-lt\cxx-framework\src\traditional\proc\p18f4520.asm
                    FSR1H   0x000fe2       data     extern E:\c18v3.46\pic18-lt\cxx-framework\src\traditional\proc\p18f4520.asm
                   PLUSW1   0x000fe3       data     extern E:\c18v3.46\pic18-lt\cxx-framework\src\traditional\proc\p18f4520.asm
                  PREINC1   0x000fe4       data     extern E:\c18v3.46\pic18-lt\cxx-framework\src\traditional\proc\p18f4520.asm
                 POSTDEC1   0x000fe5       data     extern E:\c18v3.46\pic18-lt\cxx-framework\src\traditional\proc\p18f4520.asm
                 POSTINC1   0x000fe6       data     extern E:\c18v3.46\pic18-lt\cxx-framework\src\traditional\proc\p18f4520.asm
                    INDF1   0x000fe7       data     extern E:\c18v3.46\pic18-lt\cxx-framework\src\traditional\proc\p18f4520.asm
                     WREG   0x000fe8       data     extern E:\c18v3.46\pic18-lt\cxx-framework\src\traditional\proc\p18f4520.asm
                        W   0x000fe8       data     extern E:\c18v3.46\pic18-lt\cxx-framework\src\traditional\proc\p18f4520.asm
                    FSR0L   0x000fe9       data     extern E:\c18v3.46\pic18-lt\cxx-framework\src\traditional\proc\p18f4520.asm
                     FSR0   0x000fe9       data     extern E:\c18v3.46\pic18-lt\cxx-framework\src\traditional\proc\p18f4520.asm
                    FSR0H   0x000fea       data     extern E:\c18v3.46\pic18-lt\cxx-framework\src\traditional\proc\p18f4520.asm
                   PLUSW0   0x000feb       data     extern E:\c18v3.46\pic18-lt\cxx-framework\src\traditional\proc\p18f4520.asm
                  PREINC0   0x000fec       data     extern E:\c18v3.46\pic18-lt\cxx-framework\src\traditional\proc\p18f4520.asm
                 POSTDEC0   0x000fed       data     extern E:\c18v3.46\pic18-lt\cxx-framework\src\traditional\proc\p18f4520.asm
                 POSTINC0   0x000fee       data     extern E:\c18v3.46\pic18-lt\cxx-framework\src\traditional\proc\p18f4520.asm
                    INDF0   0x000fef       data     extern E:\c18v3.46\pic18-lt\cxx-framework\src\traditional\proc\p18f4520.asm
                  INTCON3   0x000ff0       data     extern E:\c18v3.46\pic18-lt\cxx-framework\src\traditional\proc\p18f4520.asm
              INTCON3bits   0x000ff0       data     extern E:\c18v3.46\pic18-lt\cxx-framework\src\traditional\proc\p18f4520.asm
              INTCON2bits   0x000ff1       data     extern E:\c18v3.46\pic18-lt\cxx-framework\src\traditional\proc\p18f4520.asm
                  INTCON2   0x000ff1       data     extern E:\c18v3.46\pic18-lt\cxx-framework\src\traditional\proc\p18f4520.asm
               INTCONbits   0x000ff2       data     extern E:\c18v3.46\pic18-lt\cxx-framework\src\traditional\proc\p18f4520.asm
                   INTCON   0x000ff2       data     extern E:\c18v3.46\pic18-lt\cxx-framework\src\traditional\proc\p18f4520.asm
                    PRODL   0x000ff3       data     extern E:\c18v3.46\pic18-lt\cxx-framework\src\traditional\proc\p18f4520.asm
                     PROD   0x000ff3       data     extern E:\c18v3.46\pic18-lt\cxx-framework\src\traditional\proc\p18f4520.asm
                    PRODH   0x000ff4       data     extern E:\c18v3.46\pic18-lt\cxx-framework\src\traditional\proc\p18f4520.asm
                   TABLAT   0x000ff5       data     extern E:\c18v3.46\pic18-lt\cxx-framework\src\traditional\proc\p18f4520.asm
                  TBLPTRL   0x000ff6       data     extern E:\c18v3.46\pic18-lt\cxx-framework\src\traditional\proc\p18f4520.asm
                   TBLPTR   0x000ff6       data     extern E:\c18v3.46\pic18-lt\cxx-framework\src\traditional\proc\p18f4520.asm
                  TBLPTRH   0x000ff7       data     extern E:\c18v3.46\pic18-lt\cxx-framework\src\traditional\proc\p18f4520.asm
                  TBLPTRU   0x000ff8       data     extern E:\c18v3.46\pic18-lt\cxx-framework\src\traditional\proc\p18f4520.asm
                      PCL   0x000ff9       data     extern E:\c18v3.46\pic18-lt\cxx-framework\src\traditional\proc\p18f4520.asm
                       PC   0x000ff9       data     extern E:\c18v3.46\pic18-lt\cxx-framework\src\traditional\proc\p18f4520.asm
                   PCLATH   0x000ffa       data     extern E:\c18v3.46\pic18-lt\cxx-framework\src\traditional\proc\p18f4520.asm
                   PCLATU   0x000ffb       data     extern E:\c18v3.46\pic18-lt\cxx-framework\src\traditional\proc\p18f4520.asm
               STKPTRbits   0x000ffc       data     extern E:\c18v3.46\pic18-lt\cxx-framework\src\traditional\proc\p18f4520.asm
                   STKPTR   0x000ffc       data     extern E:\c18v3.46\pic18-lt\cxx-framework\src\traditional\proc\p18f4520.asm
                     TOSL   0x000ffd       data     extern E:\c18v3.46\pic18-lt\cxx-framework\src\traditional\proc\p18f4520.asm
                      TOS   0x000ffd       data     extern E:\c18v3.46\pic18-lt\cxx-framework\src\traditional\proc\p18f4520.asm
                     TOSH   0x000ffe       data     extern E:\c18v3.46\pic18-lt\cxx-framework\src\traditional\proc\p18f4520.asm
                     TOSU   0x000fff       data     extern E:\c18v3.46\pic18-lt\cxx-framework\src\traditional\proc\p18f4520.asm


